=== send-metadata DRY-RUN (no network) ===
[INFO] Base URL     : https://kata.cet.ac.il
[INFO] Metadata dir : C:\Users\Vadim\OneDrive - methodic.co.il\Projects_ACTIVE\MOE\720\2026\methodica-math-ratio-05\git-repo\methodica-math-ratio-05\metadata
[INFO] Mode         : DRY-RUN (no network)
[INFO] DRY-RUN POST https://kata.cet.ac.il/api/v1/content-units
[INFO] CREATED unit methodica-math-ratio-05 (HTTP 000)
[INFO] DRY-RUN POST https://kata.cet.ac.il/api/v1/content-units/methodica-math-ratio-05/components
[INFO] CREATED component methodica-math-ratio-05-01 (HTTP 000)
[INFO] DRY-RUN POST https://kata.cet.ac.il/api/v1/component/items?componentKey=https%3A%2F%2Flomdot.education.gov.il%2Fmetodica%2F720active%2Fmath%2Fratio%2F05%2Fmethodica-math-ratio-05-01%2F
[INFO] CREATED item methodica-math-ratio-05-01-001 (HTTP 000)
[INFO] DRY-RUN POST https://kata.cet.ac.il/api/v1/component/items?componentKey=https%3A%2F%2Flomdot.education.gov.il%2Fmetodica%2F720active%2Fmath%2Fratio%2F05%2Fmethodica-math-ratio-05-01%2F
[INFO] CREATED item methodica-math-ratio-05-01-002 (HTTP 000)
[INFO] DRY-RUN POST https://kata.cet.ac.il/api/v1/component/items?componentKey=https%3A%2F%2Flomdot.education.gov.il%2Fmetodica%2F720active%2Fmath%2Fratio%2F05%2Fmethodica-math-ratio-05-01%2F
[INFO] CREATED item methodica-math-ratio-05-01-003 (HTTP 000)
[INFO] DRY-RUN POST https://kata.cet.ac.il/api/v1/component/items?componentKey=https%3A%2F%2Flomdot.education.gov.il%2Fmetodica%2F720active%2Fmath%2Fratio%2F05%2Fmethodica-math-ratio-05-01%2F
[INFO] CREATED item methodica-math-ratio-05-01-004 (HTTP 000)
[INFO] DRY-RUN POST https://kata.cet.ac.il/api/v1/component/items?componentKey=https%3A%2F%2Flomdot.education.gov.il%2Fmetodica%2F720active%2Fmath%2Fratio%2F05%2Fmethodica-math-ratio-05-01%2F
[INFO] CREATED item methodica-math-ratio-05-01-005 (HTTP 000)
[INFO] DRY-RUN POST https://kata.cet.ac.il/api/v1/content-units/methodica-math-ratio-05/components
[INFO] CREATED component methodica-math-ratio-05-02 (HTTP 000)
[INFO] DRY-RUN POST https://kata.cet.ac.il/api/v1/component/items?componentKey=https%3A%2F%2Flomdot.education.gov.il%2Fmetodica%2F720active%2Fmath%2Fratio%2F05%2Fmethodica-math-ratio-05-02%2F
[INFO] CREATED item methodica-math-ratio-05-02-001 (HTTP 000)
[INFO] DRY-RUN POST https://kata.cet.ac.il/api/v1/component/items?componentKey=https%3A%2F%2Flomdot.education.gov.il%2Fmetodica%2F720active%2Fmath%2Fratio%2F05%2Fmethodica-math-ratio-05-02%2F
[INFO] CREATED item methodica-math-ratio-05-02-002 (HTTP 000)
[INFO] DRY-RUN POST https://kata.cet.ac.il/api/v1/component/items?componentKey=https%3A%2F%2Flomdot.education.gov.il%2Fmetodica%2F720active%2Fmath%2Fratio%2F05%2Fmethodica-math-ratio-05-02%2F
[INFO] CREATED item methodica-math-ratio-05-02-003 (HTTP 000)
[INFO] DRY-RUN POST https://kata.cet.ac.il/api/v1/component/items?componentKey=https%3A%2F%2Flomdot.education.gov.il%2Fmetodica%2F720active%2Fmath%2Fratio%2F05%2Fmethodica-math-ratio-05-02%2F
[INFO] CREATED item methodica-math-ratio-05-02-004 (HTTP 000)
[INFO] DRY-RUN POST https://kata.cet.ac.il/api/v1/content-units/methodica-math-ratio-05/components
[INFO] CREATED component methodica-math-ratio-05-03 (HTTP 000)
[INFO] DRY-RUN POST https://kata.cet.ac.il/api/v1/component/items?componentKey=https%3A%2F%2Flomdot.education.gov.il%2Fmetodica%2F720active%2Fmath%2Fratio%2F05%2Fmethodica-math-ratio-05-03%2F
[INFO] CREATED item methodica-math-ratio-05-03-001 (HTTP 000)
[INFO] DRY-RUN POST https://kata.cet.ac.il/api/v1/component/items?componentKey=https%3A%2F%2Flomdot.education.gov.il%2Fmetodica%2F720active%2Fmath%2Fratio%2F05%2Fmethodica-math-ratio-05-03%2F
[INFO] CREATED item methodica-math-ratio-05-03-002 (HTTP 000)
[INFO] DRY-RUN POST https://kata.cet.ac.il/api/v1/component/items?componentKey=https%3A%2F%2Flomdot.education.gov.il%2Fmetodica%2F720active%2Fmath%2Fratio%2F05%2Fmethodica-math-ratio-05-03%2F
[INFO] CREATED item methodica-math-ratio-05-03-003 (HTTP 000)
[INFO] DRY-RUN POST https://kata.cet.ac.il/api/v1/component/items?componentKey=https%3A%2F%2Flomdot.education.gov.il%2Fmetodica%2F720active%2Fmath%2Fratio%2F05%2Fmethodica-math-ratio-05-03%2F
[INFO] CREATED item methodica-math-ratio-05-03-004 (HTTP 000)
[INFO] DRY-RUN POST https://kata.cet.ac.il/api/v1/content-units/methodica-math-ratio-05/components
[INFO] CREATED component methodica-math-ratio-05-04 (HTTP 000)
[INFO] DRY-RUN POST https://kata.cet.ac.il/api/v1/component/items?componentKey=https%3A%2F%2Flomdot.education.gov.il%2Fmetodica%2F720active%2Fmath%2Fratio%2F05%2Fmethodica-math-ratio-05-04%2F
[INFO] CREATED item methodica-math-ratio-05-04-001 (HTTP 000)
[INFO] DRY-RUN POST https://kata.cet.ac.il/api/v1/component/items?componentKey=https%3A%2F%2Flomdot.education.gov.il%2Fmetodica%2F720active%2Fmath%2Fratio%2F05%2Fmethodica-math-ratio-05-04%2F
[INFO] CREATED item methodica-math-ratio-05-04-002 (HTTP 000)
[INFO] DRY-RUN POST https://kata.cet.ac.il/api/v1/content-units/methodica-math-ratio-05/components
[INFO] CREATED component methodica-math-ratio-05-05 (HTTP 000)
[INFO] DRY-RUN POST https://kata.cet.ac.il/api/v1/component/items?componentKey=https%3A%2F%2Flomdot.education.gov.il%2Fmetodica%2F720active%2Fmath%2Fratio%2F05%2Fmethodica-math-ratio-05-05%2F
[INFO] CREATED item methodica-math-ratio-05-05-001 (HTTP 000)
[INFO] DRY-RUN POST https://kata.cet.ac.il/api/v1/component/items?componentKey=https%3A%2F%2Flomdot.education.gov.il%2Fmetodica%2F720active%2Fmath%2Fratio%2F05%2Fmethodica-math-ratio-05-05%2F
[INFO] CREATED item methodica-math-ratio-05-05-002 (HTTP 000)
[INFO] DRY-RUN POST https://kata.cet.ac.il/api/v1/component/items?componentKey=https%3A%2F%2Flomdot.education.gov.il%2Fmetodica%2F720active%2Fmath%2Fratio%2F05%2Fmethodica-math-ratio-05-05%2F
[INFO] CREATED item methodica-math-ratio-05-05-003 (HTTP 000)
[INFO] DRY-RUN POST https://kata.cet.ac.il/api/v1/content-units/methodica-math-ratio-05/components
[INFO] CREATED component methodica-math-ratio-05-06 (HTTP 000)
[INFO] DRY-RUN POST https://kata.cet.ac.il/api/v1/component/items?componentKey=https%3A%2F%2Flomdot.education.gov.il%2Fmetodica%2F720active%2Fmath%2Fratio%2F05%2Fmethodica-math-ratio-05-06%2F
[INFO] CREATED item methodica-math-ratio-05-06-001 (HTTP 000)
[INFO] DRY-RUN PATCH https://kata.cet.ac.il/api/v1/component?componentKey=https%3A%2F%2Flomdot.education.gov.il%2Fmetodica%2F720active%2Fmath%2Fratio%2F05%2Fmethodica-math-ratio-05-03%2F
[INFO] LINKED  component methodica-math-ratio-05-03 recommendedAfterFail -> [methodica-math-ratio-05-02] (HTTP 000)
[INFO] Done. created=26 updated=1 failed=0
